2025-05-25 11:45:05,091 - data_storage.database - INFO - Đã kết nối đến cơ sở dữ liệu
2025-05-25 11:45:05,116 - data_storage.database - INFO - Đã tạo các bảng cần thiết
2025-05-25 11:45:05,116 - data_storage.database - INFO - Đã khởi tạo cơ sở dữ liệu tại ./data/market_data.db
2025-05-25 11:45:05,117 - data_storage.database - INFO - ⏳ Thiếu dữ liệu tracking 24h (có 0/24 giờ), đang tải dữ liệu lịch sử...
2025-05-25 11:45:23,234 - data_storage.database - INFO - ✅ Đã lưu dữ liệu lịch sử cho 2025-05-24 12:00
2025-05-25 11:45:23,247 - data_storage.database - INFO - ✅ Đã lưu dữ liệu lịch sử cho 2025-05-24 13:00
2025-05-25 11:45:23,266 - data_storage.database - INFO - ✅ Đã lưu dữ liệu lịch sử cho 2025-05-24 14:00
2025-05-25 11:45:23,279 - data_storage.database - INFO - ✅ Đã lưu dữ liệu lịch sử cho 2025-05-24 15:00
2025-05-25 11:45:23,292 - data_storage.database - INFO - ✅ Đã lưu dữ liệu lịch sử cho 2025-05-24 16:00
2025-05-25 11:45:23,305 - data_storage.database - INFO - ✅ Đã lưu dữ liệu lịch sử cho 2025-05-24 17:00
2025-05-25 11:45:23,318 - data_storage.database - INFO - ✅ Đã lưu dữ liệu lịch sử cho 2025-05-24 18:00
2025-05-25 11:45:23,330 - data_storage.database - INFO - ✅ Đã lưu dữ liệu lịch sử cho 2025-05-24 19:00
2025-05-25 11:45:23,343 - data_storage.database - INFO - ✅ Đã lưu dữ liệu lịch sử cho 2025-05-24 20:00
2025-05-25 11:45:23,356 - data_storage.database - INFO - ✅ Đã lưu dữ liệu lịch sử cho 2025-05-24 21:00
2025-05-25 11:45:23,369 - data_storage.database - INFO - ✅ Đã lưu dữ liệu lịch sử cho 2025-05-24 22:00
2025-05-25 11:45:23,382 - data_storage.database - INFO - ✅ Đã lưu dữ liệu lịch sử cho 2025-05-24 23:00
2025-05-25 11:45:23,395 - data_storage.database - INFO - ✅ Đã lưu dữ liệu lịch sử cho 2025-05-25 00:00
2025-05-25 11:45:23,408 - data_storage.database - INFO - ✅ Đã lưu dữ liệu lịch sử cho 2025-05-25 01:00
2025-05-25 11:45:23,421 - data_storage.database - INFO - ✅ Đã lưu dữ liệu lịch sử cho 2025-05-25 02:00
2025-05-25 11:45:23,434 - data_storage.database - INFO - ✅ Đã lưu dữ liệu lịch sử cho 2025-05-25 03:00
2025-05-25 11:45:23,447 - data_storage.database - INFO - ✅ Đã lưu dữ liệu lịch sử cho 2025-05-25 04:00
2025-05-25 11:45:23,470 - data_storage.database - INFO - ✅ Đã lưu dữ liệu lịch sử cho 2025-05-25 05:00
2025-05-25 11:45:23,484 - data_storage.database - INFO - ✅ Đã lưu dữ liệu lịch sử cho 2025-05-25 06:00
2025-05-25 11:45:23,496 - data_storage.database - INFO - ✅ Đã lưu dữ liệu lịch sử cho 2025-05-25 07:00
2025-05-25 11:45:23,510 - data_storage.database - INFO - ✅ Đã lưu dữ liệu lịch sử cho 2025-05-25 08:00
2025-05-25 11:45:23,523 - data_storage.database - INFO - ✅ Đã lưu dữ liệu lịch sử cho 2025-05-25 09:00
2025-05-25 11:45:23,536 - data_storage.database - INFO - ✅ Đã lưu dữ liệu lịch sử cho 2025-05-25 10:00
2025-05-25 11:45:23,548 - data_storage.database - INFO - ✅ Đã lưu dữ liệu lịch sử cho 2025-05-25 11:00
2025-05-25 11:45:23,554 - data_storage.database - INFO - 🎉 Hoàn thành tải dữ liệu lịch sử 24h: đã lưu 24 giờ
2025-05-25 11:45:23,555 - data_storage.database - INFO - 📅 Khởi tạo dữ liệu 30 ngày...
2025-05-25 11:47:14,352 - data_storage.database - INFO - 📊 BTCUSDT Kiểm tra Quote Volume trước khi lưu: 2,944,041,454.71 USDT
2025-05-25 11:47:14,379 - data_storage.database - INFO - Đã lưu 30 mẫu klines cho BTCUSDT - 1d
2025-05-25 11:47:14,380 - data_storage.database - INFO - 📊 ETHUSDT Kiểm tra Quote Volume trước khi lưu: 2,593,502,897.50 USDT
2025-05-25 11:47:14,395 - data_storage.database - INFO - Đã lưu 30 mẫu klines cho ETHUSDT - 1d
2025-05-25 11:47:14,396 - data_storage.database - INFO - 📊 BNBUSDT Kiểm tra Quote Volume trước khi lưu: 72,140,898.21 USDT
2025-05-25 11:47:14,413 - data_storage.database - INFO - Đã lưu 30 mẫu klines cho BNBUSDT - 1d
2025-05-25 11:47:14,414 - data_storage.database - INFO - 📊 SOLUSDT Kiểm tra Quote Volume trước khi lưu: 937,432,293.90 USDT
2025-05-25 11:47:14,428 - data_storage.database - INFO - Đã lưu 30 mẫu klines cho SOLUSDT - 1d
2025-05-25 11:47:14,428 - data_storage.database - INFO - 📊 DOGEUSDT Kiểm tra Quote Volume trước khi lưu: 225,049,972.34 USDT
2025-05-25 11:47:14,442 - data_storage.database - INFO - Đã lưu 30 mẫu klines cho DOGEUSDT - 1d
2025-05-25 11:47:14,446 - data_storage.database - INFO - Debug: Saving OI record for BTCUSDT: OI=86,276.11, Value=9,291,841,820.18 USDT, AvgOI=86,276.11, AvgValue=9,291,841,820.18 USDT
2025-05-25 11:47:14,566 - data_storage.database - INFO - Đã lưu 30 mẫu Open Interest cho BTCUSDT
2025-05-25 11:47:14,570 - data_storage.database - INFO - Debug: Saving OI record for ETHUSDT: OI=1,620,116.49, Value=4,096,049,194.84 USDT, AvgOI=1,620,116.49, AvgValue=4,096,049,194.84 USDT
2025-05-25 11:47:14,702 - data_storage.database - INFO - Đã lưu 30 mẫu Open Interest cho ETHUSDT
2025-05-25 11:47:14,706 - data_storage.database - INFO - Debug: Saving OI record for BNBUSDT: OI=543,502.97, Value=363,001,547.27 USDT, AvgOI=543,502.97, AvgValue=363,001,547.27 USDT
2025-05-25 11:47:14,836 - data_storage.database - INFO - Đã lưu 30 mẫu Open Interest cho BNBUSDT
2025-05-25 11:47:14,840 - data_storage.database - INFO - Debug: Saving OI record for SOLUSDT: OI=7,438,311.93, Value=1,307,675,712.21 USDT, AvgOI=7,438,311.93, AvgValue=1,307,675,712.21 USDT
2025-05-25 11:47:14,964 - data_storage.database - INFO - Đã lưu 30 mẫu Open Interest cho SOLUSDT
2025-05-25 11:47:14,967 - data_storage.database - INFO - Debug: Saving OI record for DOGEUSDT: OI=1,844,135,602.00, Value=414,887,726.50 USDT, AvgOI=1,844,135,602.00, AvgValue=414,887,726.50 USDT
2025-05-25 11:47:15,088 - data_storage.database - INFO - Đã lưu 30 mẫu Open Interest cho DOGEUSDT
2025-05-25 11:47:15,089 - data_storage.database - INFO - ✅ Đã khởi tạo dữ liệu 30 ngày cho 5 symbols
2025-05-25 11:47:15,093 - data_storage.database - INFO - Đã lấy 0 mẫu klines cho BTCUSDT - 1h
2025-05-25 11:47:15,095 - data_storage.database - INFO - Đã lấy 0 mẫu klines cho BTCUSDT - 4h
2025-05-25 11:47:15,100 - data_storage.database - INFO - Đã lấy 30 mẫu klines cho BTCUSDT - 1d
2025-05-25 11:47:15,102 - data_storage.database - INFO - BTCUSDT 1d: first=2025-04-26T00:00:00, last=2025-05-25T00:00:00, count=30
2025-05-25 11:47:15,108 - data_storage.database - INFO - Đã lấy 30 mẫu Open Interest cho BTCUSDT (period: daily)
2025-05-25 11:47:15,110 - data_storage.database - INFO - BTCUSDT OI: first=2025-04-26T00:00:00, last=2025-05-25T00:00:00, count=30
2025-05-25 11:47:15,115 - data_storage.database - INFO - Đã lấy 24 mẫu tracking 24h cho BTCUSDT
2025-05-25 11:47:15,117 - data_storage.database - INFO - BTCUSDT 24h: first=2025-05-24T12:00:00, last=2025-05-25T11:00:00, count=24
2025-05-25 11:47:15,120 - data_storage.database - INFO - Đã lấy 30 mẫu tracking 30d cho BTCUSDT
2025-05-25 11:47:15,122 - data_storage.database - INFO - BTCUSDT 30d: first=2025-04-26T00:00:00, last=2025-05-25T00:00:00, count=30
2025-05-25 11:47:15,131 - data_storage.database - INFO - Đã lấy 0 mẫu klines cho ETHUSDT - 1h
2025-05-25 11:47:15,133 - data_storage.database - INFO - Đã lấy 0 mẫu klines cho ETHUSDT - 4h
2025-05-25 11:47:15,137 - data_storage.database - INFO - Đã lấy 30 mẫu klines cho ETHUSDT - 1d
2025-05-25 11:47:15,139 - data_storage.database - INFO - ETHUSDT 1d: first=2025-04-26T00:00:00, last=2025-05-25T00:00:00, count=30
2025-05-25 11:47:15,144 - data_storage.database - INFO - Đã lấy 30 mẫu Open Interest cho ETHUSDT (period: daily)
2025-05-25 11:47:15,146 - data_storage.database - INFO - ETHUSDT OI: first=2025-04-26T00:00:00, last=2025-05-25T00:00:00, count=30
2025-05-25 11:47:15,149 - data_storage.database - INFO - Đã lấy 24 mẫu tracking 24h cho ETHUSDT
2025-05-25 11:47:15,151 - data_storage.database - INFO - ETHUSDT 24h: first=2025-05-24T12:00:00, last=2025-05-25T11:00:00, count=24
2025-05-25 11:47:15,154 - data_storage.database - INFO - Đã lấy 30 mẫu tracking 30d cho ETHUSDT
2025-05-25 11:47:15,156 - data_storage.database - INFO - ETHUSDT 30d: first=2025-04-26T00:00:00, last=2025-05-25T00:00:00, count=30
2025-05-25 11:47:15,165 - data_storage.database - INFO - Đã lấy 0 mẫu klines cho BNBUSDT - 1h
2025-05-25 11:47:15,167 - data_storage.database - INFO - Đã lấy 0 mẫu klines cho BNBUSDT - 4h
2025-05-25 11:47:15,171 - data_storage.database - INFO - Đã lấy 30 mẫu klines cho BNBUSDT - 1d
2025-05-25 11:47:15,173 - data_storage.database - INFO - BNBUSDT 1d: first=2025-04-26T00:00:00, last=2025-05-25T00:00:00, count=30
2025-05-25 11:47:15,177 - data_storage.database - INFO - Đã lấy 30 mẫu Open Interest cho BNBUSDT (period: daily)
2025-05-25 11:47:15,179 - data_storage.database - INFO - BNBUSDT OI: first=2025-04-26T00:00:00, last=2025-05-25T00:00:00, count=30
2025-05-25 11:47:15,182 - data_storage.database - INFO - Đã lấy 24 mẫu tracking 24h cho BNBUSDT
2025-05-25 11:47:15,184 - data_storage.database - INFO - BNBUSDT 24h: first=2025-05-24T12:00:00, last=2025-05-25T11:00:00, count=24
2025-05-25 11:47:15,187 - data_storage.database - INFO - Đã lấy 30 mẫu tracking 30d cho BNBUSDT
2025-05-25 11:47:15,190 - data_storage.database - INFO - BNBUSDT 30d: first=2025-04-26T00:00:00, last=2025-05-25T00:00:00, count=30
2025-05-25 11:47:15,198 - data_storage.database - INFO - Đã lấy 0 mẫu klines cho SOLUSDT - 1h
2025-05-25 11:47:15,201 - data_storage.database - INFO - Đã lấy 0 mẫu klines cho SOLUSDT - 4h
2025-05-25 11:47:15,204 - data_storage.database - INFO - Đã lấy 30 mẫu klines cho SOLUSDT - 1d
2025-05-25 11:47:15,206 - data_storage.database - INFO - SOLUSDT 1d: first=2025-04-26T00:00:00, last=2025-05-25T00:00:00, count=30
2025-05-25 11:47:15,215 - data_storage.database - INFO - Đã lấy 30 mẫu Open Interest cho SOLUSDT (period: daily)
2025-05-25 11:47:15,218 - data_storage.database - INFO - SOLUSDT OI: first=2025-04-26T00:00:00, last=2025-05-25T00:00:00, count=30
2025-05-25 11:47:15,221 - data_storage.database - INFO - Đã lấy 24 mẫu tracking 24h cho SOLUSDT
2025-05-25 11:47:15,223 - data_storage.database - INFO - SOLUSDT 24h: first=2025-05-24T12:00:00, last=2025-05-25T11:00:00, count=24
2025-05-25 11:47:15,226 - data_storage.database - INFO - Đã lấy 30 mẫu tracking 30d cho SOLUSDT
2025-05-25 11:47:15,228 - data_storage.database - INFO - SOLUSDT 30d: first=2025-04-26T00:00:00, last=2025-05-25T00:00:00, count=30
2025-05-25 11:47:15,237 - data_storage.database - INFO - Đã lấy 0 mẫu klines cho DOGEUSDT - 1h
2025-05-25 11:47:15,239 - data_storage.database - INFO - Đã lấy 0 mẫu klines cho DOGEUSDT - 4h
2025-05-25 11:47:15,243 - data_storage.database - INFO - Đã lấy 30 mẫu klines cho DOGEUSDT - 1d
2025-05-25 11:47:15,245 - data_storage.database - INFO - DOGEUSDT 1d: first=2025-04-26T00:00:00, last=2025-05-25T00:00:00, count=30
2025-05-25 11:47:15,249 - data_storage.database - INFO - Đã lấy 30 mẫu Open Interest cho DOGEUSDT (period: daily)
2025-05-25 11:47:15,251 - data_storage.database - INFO - DOGEUSDT OI: first=2025-04-26T00:00:00, last=2025-05-25T00:00:00, count=30
2025-05-25 11:47:15,254 - data_storage.database - INFO - Đã lấy 24 mẫu tracking 24h cho DOGEUSDT
2025-05-25 11:47:15,256 - data_storage.database - INFO - DOGEUSDT 24h: first=2025-05-24T12:00:00, last=2025-05-25T11:00:00, count=24
2025-05-25 11:47:15,259 - data_storage.database - INFO - Đã lấy 30 mẫu tracking 30d cho DOGEUSDT
2025-05-25 11:47:15,261 - data_storage.database - INFO - DOGEUSDT 30d: first=2025-04-26T00:00:00, last=2025-05-25T00:00:00, count=30
2025-05-25 11:47:15,274 - data_storage.database - INFO - Đã lấy 0 mẫu anomalies
2025-05-25 11:47:15,275 - data_storage.database - INFO - ✅ Đã xuất dữ liệu JSON tối ưu trong thư mục ./data/json và ./docs/assets/data
2025-05-25 11:47:15,276 - data_storage.database - INFO - Đã đóng kết nối cơ sở dữ liệu
2025-05-25 11:47:17,028 - data_storage.database - INFO - Đã kết nối đến cơ sở dữ liệu
2025-05-25 11:47:17,030 - data_storage.database - INFO - Đã tạo các bảng cần thiết
2025-05-25 11:47:17,030 - data_storage.database - INFO - Đã khởi tạo cơ sở dữ liệu tại ./data/market_data.db
2025-05-25 11:50:27,273 - data_storage.database - INFO - Đã lưu 696 mẫu klines cho BTCUSDT - 1h
2025-05-25 11:50:27,314 - data_storage.database - INFO - Đã lưu 174 mẫu klines cho BTCUSDT - 4h
2025-05-25 11:50:27,326 - data_storage.database - INFO - Đã lưu 29 mẫu klines cho BTCUSDT - 1d
2025-05-25 11:50:27,476 - data_storage.database - INFO - Đã lưu 696 mẫu klines cho ETHUSDT - 1h
2025-05-25 11:50:27,518 - data_storage.database - INFO - Đã lưu 174 mẫu klines cho ETHUSDT - 4h
2025-05-25 11:50:27,531 - data_storage.database - INFO - Đã lưu 29 mẫu klines cho ETHUSDT - 1d
2025-05-25 11:50:27,681 - data_storage.database - INFO - Đã lưu 696 mẫu klines cho BNBUSDT - 1h
2025-05-25 11:50:27,724 - data_storage.database - INFO - Đã lưu 174 mẫu klines cho BNBUSDT - 4h
2025-05-25 11:50:27,738 - data_storage.database - INFO - Đã lưu 29 mẫu klines cho BNBUSDT - 1d
2025-05-25 11:50:27,867 - data_storage.database - INFO - Đã lưu 696 mẫu klines cho SOLUSDT - 1h
2025-05-25 11:50:27,904 - data_storage.database - INFO - Đã lưu 174 mẫu klines cho SOLUSDT - 4h
2025-05-25 11:50:27,915 - data_storage.database - INFO - Đã lưu 29 mẫu klines cho SOLUSDT - 1d
2025-05-25 11:50:28,048 - data_storage.database - INFO - Đã lưu 696 mẫu klines cho DOGEUSDT - 1h
2025-05-25 11:50:28,085 - data_storage.database - INFO - Đã lưu 174 mẫu klines cho DOGEUSDT - 4h
2025-05-25 11:50:28,096 - data_storage.database - INFO - Đã lưu 29 mẫu klines cho DOGEUSDT - 1d
2025-05-25 11:50:28,099 - data_storage.database - INFO - Debug: Saving OI record for BTCUSDT: OI=86,632.86, Value=9,360,282,659.28 USDT, AvgOI=86,632.86, AvgValue=9,360,282,659.28 USDT
2025-05-25 11:50:28,288 - data_storage.database - INFO - Đã lưu 282 mẫu Open Interest cho BTCUSDT
2025-05-25 11:50:28,291 - data_storage.database - INFO - Debug: Saving OI record for ETHUSDT: OI=1,629,376.10, Value=4,092,712,509.21 USDT, AvgOI=1,629,376.10, AvgValue=4,092,712,509.21 USDT
2025-05-25 11:50:28,464 - data_storage.database - INFO - Đã lưu 282 mẫu Open Interest cho ETHUSDT
2025-05-25 11:50:28,467 - data_storage.database - INFO - Debug: Saving OI record for BNBUSDT: OI=549,277.73, Value=365,610,242.64 USDT, AvgOI=549,277.73, AvgValue=365,610,242.64 USDT
2025-05-25 11:50:28,637 - data_storage.database - INFO - Đã lưu 282 mẫu Open Interest cho BNBUSDT
2025-05-25 11:50:28,640 - data_storage.database - INFO - Debug: Saving OI record for SOLUSDT: OI=7,381,658.38, Value=1,281,038,976.78 USDT, AvgOI=7,381,658.38, AvgValue=1,281,038,976.78 USDT
2025-05-25 11:50:28,821 - data_storage.database - INFO - Đã lưu 282 mẫu Open Interest cho SOLUSDT
2025-05-25 11:50:28,825 - data_storage.database - INFO - Debug: Saving OI record for DOGEUSDT: OI=1,841,027,096.00, Value=411,614,150.22 USDT, AvgOI=1,841,027,096.00, AvgValue=411,614,150.22 USDT
2025-05-25 11:50:28,994 - data_storage.database - INFO - Đã lưu 282 mẫu Open Interest cho DOGEUSDT
2025-05-25 11:50:29,000 - data_storage.database - INFO - Đã lấy 168 mẫu klines cho BTCUSDT - 1h
2025-05-25 11:50:29,003 - data_storage.database - INFO - BTCUSDT 1h: first=2025-05-18T05:00:00, last=2025-05-25T04:00:00, count=168
2025-05-25 11:50:29,009 - data_storage.database - INFO - Đã lấy 168 mẫu klines cho BTCUSDT - 4h
2025-05-25 11:50:29,012 - data_storage.database - INFO - BTCUSDT 4h: first=2025-04-27T08:00:00, last=2025-05-25T04:00:00, count=168
2025-05-25 11:50:29,017 - data_storage.database - INFO - Đã lấy 30 mẫu klines cho BTCUSDT - 1d
2025-05-25 11:50:29,019 - data_storage.database - INFO - BTCUSDT 1d: first=2025-04-26T00:00:00, last=2025-05-25T00:00:00, count=30
2025-05-25 11:50:29,024 - data_storage.database - INFO - Đã lấy 30 mẫu Open Interest cho BTCUSDT (period: daily)
2025-05-25 11:50:29,026 - data_storage.database - INFO - BTCUSDT OI: first=2025-04-26T20:00:00, last=2025-05-25T04:00:00, count=30
2025-05-25 11:50:29,030 - data_storage.database - INFO - Đã lấy 24 mẫu tracking 24h cho BTCUSDT
2025-05-25 11:50:29,032 - data_storage.database - INFO - BTCUSDT 24h: first=2025-05-24T12:00:00, last=2025-05-25T11:00:00, count=24
2025-05-25 11:50:29,035 - data_storage.database - INFO - Đã lấy 30 mẫu tracking 30d cho BTCUSDT
2025-05-25 11:50:29,037 - data_storage.database - INFO - BTCUSDT 30d: first=2025-04-26T00:00:00, last=2025-05-25T00:00:00, count=30
2025-05-25 11:50:29,062 - data_storage.database - INFO - Đã lấy 168 mẫu klines cho ETHUSDT - 1h
2025-05-25 11:50:29,065 - data_storage.database - INFO - ETHUSDT 1h: first=2025-05-18T05:00:00, last=2025-05-25T04:00:00, count=168
2025-05-25 11:50:29,071 - data_storage.database - INFO - Đã lấy 168 mẫu klines cho ETHUSDT - 4h
2025-05-25 11:50:29,074 - data_storage.database - INFO - ETHUSDT 4h: first=2025-04-27T08:00:00, last=2025-05-25T04:00:00, count=168
2025-05-25 11:50:29,079 - data_storage.database - INFO - Đã lấy 30 mẫu klines cho ETHUSDT - 1d
2025-05-25 11:50:29,081 - data_storage.database - INFO - ETHUSDT 1d: first=2025-04-26T00:00:00, last=2025-05-25T00:00:00, count=30
2025-05-25 11:50:29,085 - data_storage.database - INFO - Đã lấy 30 mẫu Open Interest cho ETHUSDT (period: daily)
2025-05-25 11:50:29,087 - data_storage.database - INFO - ETHUSDT OI: first=2025-04-26T20:00:00, last=2025-05-25T04:00:00, count=30
2025-05-25 11:50:29,090 - data_storage.database - INFO - Đã lấy 24 mẫu tracking 24h cho ETHUSDT
2025-05-25 11:50:29,092 - data_storage.database - INFO - ETHUSDT 24h: first=2025-05-24T12:00:00, last=2025-05-25T11:00:00, count=24
2025-05-25 11:50:29,096 - data_storage.database - INFO - Đã lấy 30 mẫu tracking 30d cho ETHUSDT
2025-05-25 11:50:29,098 - data_storage.database - INFO - ETHUSDT 30d: first=2025-04-26T00:00:00, last=2025-05-25T00:00:00, count=30
2025-05-25 11:50:29,137 - data_storage.database - INFO - Đã lấy 168 mẫu klines cho BNBUSDT - 1h
2025-05-25 11:50:29,141 - data_storage.database - INFO - BNBUSDT 1h: first=2025-05-18T05:00:00, last=2025-05-25T04:00:00, count=168
2025-05-25 11:50:29,148 - data_storage.database - INFO - Đã lấy 168 mẫu klines cho BNBUSDT - 4h
2025-05-25 11:50:29,152 - data_storage.database - INFO - BNBUSDT 4h: first=2025-04-27T08:00:00, last=2025-05-25T04:00:00, count=168
2025-05-25 11:50:29,157 - data_storage.database - INFO - Đã lấy 30 mẫu klines cho BNBUSDT - 1d
2025-05-25 11:50:29,159 - data_storage.database - INFO - BNBUSDT 1d: first=2025-04-26T00:00:00, last=2025-05-25T00:00:00, count=30
2025-05-25 11:50:29,164 - data_storage.database - INFO - Đã lấy 30 mẫu Open Interest cho BNBUSDT (period: daily)
2025-05-25 11:50:29,166 - data_storage.database - INFO - BNBUSDT OI: first=2025-04-26T20:00:00, last=2025-05-25T04:00:00, count=30
2025-05-25 11:50:29,169 - data_storage.database - INFO - Đã lấy 24 mẫu tracking 24h cho BNBUSDT
2025-05-25 11:50:29,170 - data_storage.database - INFO - BNBUSDT 24h: first=2025-05-24T12:00:00, last=2025-05-25T11:00:00, count=24
2025-05-25 11:50:29,174 - data_storage.database - INFO - Đã lấy 30 mẫu tracking 30d cho BNBUSDT
2025-05-25 11:50:29,176 - data_storage.database - INFO - BNBUSDT 30d: first=2025-04-26T00:00:00, last=2025-05-25T00:00:00, count=30
2025-05-25 11:50:29,202 - data_storage.database - INFO - Đã lấy 168 mẫu klines cho SOLUSDT - 1h
2025-05-25 11:50:29,205 - data_storage.database - INFO - SOLUSDT 1h: first=2025-05-18T05:00:00, last=2025-05-25T04:00:00, count=168
2025-05-25 11:50:29,211 - data_storage.database - INFO - Đã lấy 168 mẫu klines cho SOLUSDT - 4h
2025-05-25 11:50:29,215 - data_storage.database - INFO - SOLUSDT 4h: first=2025-04-27T08:00:00, last=2025-05-25T04:00:00, count=168
2025-05-25 11:50:29,219 - data_storage.database - INFO - Đã lấy 30 mẫu klines cho SOLUSDT - 1d
2025-05-25 11:50:29,222 - data_storage.database - INFO - SOLUSDT 1d: first=2025-04-26T00:00:00, last=2025-05-25T00:00:00, count=30
2025-05-25 11:50:29,226 - data_storage.database - INFO - Đã lấy 30 mẫu Open Interest cho SOLUSDT (period: daily)
2025-05-25 11:50:29,228 - data_storage.database - INFO - SOLUSDT OI: first=2025-04-26T20:00:00, last=2025-05-25T04:00:00, count=30
2025-05-25 11:50:29,232 - data_storage.database - INFO - Đã lấy 24 mẫu tracking 24h cho SOLUSDT
2025-05-25 11:50:29,234 - data_storage.database - INFO - SOLUSDT 24h: first=2025-05-24T12:00:00, last=2025-05-25T11:00:00, count=24
2025-05-25 11:50:29,237 - data_storage.database - INFO - Đã lấy 30 mẫu tracking 30d cho SOLUSDT
2025-05-25 11:50:29,239 - data_storage.database - INFO - SOLUSDT 30d: first=2025-04-26T00:00:00, last=2025-05-25T00:00:00, count=30
2025-05-25 11:50:29,263 - data_storage.database - INFO - Đã lấy 168 mẫu klines cho DOGEUSDT - 1h
2025-05-25 11:50:29,267 - data_storage.database - INFO - DOGEUSDT 1h: first=2025-05-18T05:00:00, last=2025-05-25T04:00:00, count=168
2025-05-25 11:50:29,272 - data_storage.database - INFO - Đã lấy 168 mẫu klines cho DOGEUSDT - 4h
2025-05-25 11:50:29,276 - data_storage.database - INFO - DOGEUSDT 4h: first=2025-04-27T08:00:00, last=2025-05-25T04:00:00, count=168
2025-05-25 11:50:29,281 - data_storage.database - INFO - Đã lấy 30 mẫu klines cho DOGEUSDT - 1d
2025-05-25 11:50:29,283 - data_storage.database - INFO - DOGEUSDT 1d: first=2025-04-26T00:00:00, last=2025-05-25T00:00:00, count=30
2025-05-25 11:50:29,287 - data_storage.database - INFO - Đã lấy 30 mẫu Open Interest cho DOGEUSDT (period: daily)
2025-05-25 11:50:29,289 - data_storage.database - INFO - DOGEUSDT OI: first=2025-04-26T20:00:00, last=2025-05-25T04:00:00, count=30
2025-05-25 11:50:29,292 - data_storage.database - INFO - Đã lấy 24 mẫu tracking 24h cho DOGEUSDT
2025-05-25 11:50:29,294 - data_storage.database - INFO - DOGEUSDT 24h: first=2025-05-24T12:00:00, last=2025-05-25T11:00:00, count=24
2025-05-25 11:50:29,298 - data_storage.database - INFO - Đã lấy 30 mẫu tracking 30d cho DOGEUSDT
2025-05-25 11:50:29,300 - data_storage.database - INFO - DOGEUSDT 30d: first=2025-04-26T00:00:00, last=2025-05-25T00:00:00, count=30
2025-05-25 11:50:29,322 - data_storage.database - INFO - Đã lấy 0 mẫu anomalies
2025-05-25 11:50:29,322 - data_storage.database - INFO - ✅ Đã xuất dữ liệu JSON tối ưu trong thư mục ./data/json và ./docs/assets/data
2025-05-25 11:50:29,324 - data_storage.database - INFO - Đã đóng kết nối cơ sở dữ liệu
2025-05-25 11:50:31,143 - data_storage.database - INFO - Đã kết nối đến cơ sở dữ liệu
2025-05-25 11:50:31,145 - data_storage.database - INFO - Đã tạo các bảng cần thiết
2025-05-25 11:50:31,146 - data_storage.database - INFO - Đã khởi tạo cơ sở dữ liệu tại ./data/market_data.db
2025-05-25 11:50:48,492 - data_storage.database - INFO - 💾 Saving Volume for BTCUSDT: 165,205.45 contracts, Quote Volume: 17,901,184,925.89 USDT
2025-05-25 11:50:48,500 - data_storage.database - INFO - Đã lưu dữ liệu ticker cho BTCUSDT
2025-05-25 11:50:48,501 - data_storage.database - INFO - 💾 Saving OI for BTCUSDT: 86,757.39 contracts, 9,380,174,628.20 USDT
2025-05-25 11:50:48,507 - data_storage.database - INFO - Đã lưu dữ liệu Open Interest realtime cho BTCUSDT
2025-05-25 11:50:48,508 - data_storage.database - INFO - 💾 Saving Volume for ETHUSDT: 3,191,347.56 contracts, Quote Volume: 8,086,093,567.68 USDT
2025-05-25 11:50:48,513 - data_storage.database - INFO - Đã lưu dữ liệu ticker cho ETHUSDT
2025-05-25 11:50:48,514 - data_storage.database - INFO - 💾 Saving OI for ETHUSDT: 1,635,686.38 contracts, 4,109,792,874.61 USDT
2025-05-25 11:50:48,520 - data_storage.database - INFO - Đã lưu dữ liệu Open Interest realtime cho ETHUSDT
2025-05-25 11:50:48,521 - data_storage.database - INFO - 💾 Saving Volume for BNBUSDT: 464,045.01 contracts, Quote Volume: 311,033,950.84 USDT
2025-05-25 11:50:48,526 - data_storage.database - INFO - Đã lưu dữ liệu ticker cho BNBUSDT
2025-05-25 11:50:48,527 - data_storage.database - INFO - 💾 Saving OI for BNBUSDT: 549,110.66 contracts, 365,208,008.86 USDT
2025-05-25 11:50:48,533 - data_storage.database - INFO - Đã lưu dữ liệu Open Interest realtime cho BNBUSDT
2025-05-25 11:50:48,534 - data_storage.database - INFO - 💾 Saving Volume for SOLUSDT: 15,770,331.99 contracts, Quote Volume: 2,757,207,014.17 USDT
2025-05-25 11:50:48,539 - data_storage.database - INFO - Đã lưu dữ liệu ticker cho SOLUSDT
2025-05-25 11:50:48,541 - data_storage.database - INFO - 💾 Saving OI for SOLUSDT: 7,388,961.77 contracts, 1,280,359,295.51 USDT
2025-05-25 11:50:48,546 - data_storage.database - INFO - Đã lưu dữ liệu Open Interest realtime cho SOLUSDT
2025-05-25 11:50:48,547 - data_storage.database - INFO - 💾 Saving Volume for DOGEUSDT: 3,438,348,860.00 contracts, Quote Volume: 777,101,432.47 USDT
2025-05-25 11:50:48,552 - data_storage.database - INFO - Đã lưu dữ liệu ticker cho DOGEUSDT
2025-05-25 11:50:48,553 - data_storage.database - INFO - 💾 Saving OI for DOGEUSDT: 1,844,262,213.00 contracts, 412,247,932.47 USDT
2025-05-25 11:50:48,558 - data_storage.database - INFO - Đã lưu dữ liệu Open Interest realtime cho DOGEUSDT
2025-05-25 11:50:48,569 - data_storage.database - INFO - Đã lấy 24 mẫu tracking 24h cho BTCUSDT
2025-05-25 11:50:48,581 - data_storage.database - INFO - Đã lấy 286 mẫu Open Interest cho BTCUSDT (period: all)
2025-05-25 11:50:48,587 - data_storage.database - INFO - Đã lấy 30 mẫu klines cho BTCUSDT - 1d
2025-05-25 11:50:48,603 - data_storage.database - INFO - Đã lấy 24 mẫu tracking 24h cho ETHUSDT
2025-05-25 11:50:48,613 - data_storage.database - INFO - Đã lấy 286 mẫu Open Interest cho ETHUSDT (period: all)
2025-05-25 11:50:48,618 - data_storage.database - INFO - Đã lấy 30 mẫu klines cho ETHUSDT - 1d
2025-05-25 11:50:48,630 - data_storage.database - INFO - Đã lấy 24 mẫu tracking 24h cho BNBUSDT
2025-05-25 11:50:48,639 - data_storage.database - INFO - Đã lấy 286 mẫu Open Interest cho BNBUSDT (period: all)
2025-05-25 11:50:48,644 - data_storage.database - INFO - Đã lấy 30 mẫu klines cho BNBUSDT - 1d
2025-05-25 11:50:48,656 - data_storage.database - INFO - Đã lấy 24 mẫu tracking 24h cho SOLUSDT
2025-05-25 11:50:48,665 - data_storage.database - INFO - Đã lấy 286 mẫu Open Interest cho SOLUSDT (period: all)
2025-05-25 11:50:48,670 - data_storage.database - INFO - Đã lấy 30 mẫu klines cho SOLUSDT - 1d
2025-05-25 11:50:48,681 - data_storage.database - INFO - Đã lấy 24 mẫu tracking 24h cho DOGEUSDT
2025-05-25 11:50:48,690 - data_storage.database - INFO - Đã lấy 286 mẫu Open Interest cho DOGEUSDT (period: all)
2025-05-25 11:50:48,694 - data_storage.database - INFO - Đã lấy 30 mẫu klines cho DOGEUSDT - 1d
2025-05-25 11:50:48,706 - data_storage.database - INFO - Đã lấy 0 mẫu anomalies
2025-05-25 11:50:48,718 - data_storage.database - INFO - Đã lấy 24 mẫu tracking 24h cho BTCUSDT
2025-05-25 11:50:48,729 - data_storage.database - INFO - Đã lấy 24 mẫu tracking 24h cho ETHUSDT
2025-05-25 11:50:48,739 - data_storage.database - INFO - Đã lấy 24 mẫu tracking 24h cho BNBUSDT
2025-05-25 11:50:48,749 - data_storage.database - INFO - Đã lấy 24 mẫu tracking 24h cho SOLUSDT
2025-05-25 11:50:48,759 - data_storage.database - INFO - Đã lấy 24 mẫu tracking 24h cho DOGEUSDT
2025-05-25 11:50:48,793 - data_storage.database - INFO - Đã lấy 168 mẫu klines cho BTCUSDT - 1h
2025-05-25 11:50:48,797 - data_storage.database - INFO - BTCUSDT 1h: first=2025-05-18T05:00:00, last=2025-05-25T04:00:00, count=168
2025-05-25 11:50:48,804 - data_storage.database - INFO - Đã lấy 168 mẫu klines cho BTCUSDT - 4h
2025-05-25 11:50:48,808 - data_storage.database - INFO - BTCUSDT 4h: first=2025-04-27T08:00:00, last=2025-05-25T04:00:00, count=168
2025-05-25 11:50:48,814 - data_storage.database - INFO - Đã lấy 30 mẫu klines cho BTCUSDT - 1d
2025-05-25 11:50:48,816 - data_storage.database - INFO - BTCUSDT 1d: first=2025-04-26T00:00:00, last=2025-05-25T00:00:00, count=30
2025-05-25 11:50:48,822 - data_storage.database - INFO - Đã lấy 30 mẫu Open Interest cho BTCUSDT (period: daily)
2025-05-25 11:50:48,825 - data_storage.database - INFO - BTCUSDT OI: first=2025-04-26T20:00:00, last=2025-05-25T11:50:33, count=30
2025-05-25 11:50:48,828 - data_storage.database - INFO - Đã lấy 24 mẫu tracking 24h cho BTCUSDT
2025-05-25 11:50:48,831 - data_storage.database - INFO - BTCUSDT 24h: first=2025-05-24T12:00:00, last=2025-05-25T11:00:00, count=24
2025-05-25 11:50:48,835 - data_storage.database - INFO - Đã lấy 30 mẫu tracking 30d cho BTCUSDT
2025-05-25 11:50:48,837 - data_storage.database - INFO - BTCUSDT 30d: first=2025-04-26T00:00:00, last=2025-05-25T00:00:00, count=30
2025-05-25 11:50:48,870 - data_storage.database - INFO - Đã lấy 168 mẫu klines cho ETHUSDT - 1h
2025-05-25 11:50:48,874 - data_storage.database - INFO - ETHUSDT 1h: first=2025-05-18T05:00:00, last=2025-05-25T04:00:00, count=168
2025-05-25 11:50:48,881 - data_storage.database - INFO - Đã lấy 168 mẫu klines cho ETHUSDT - 4h
2025-05-25 11:50:48,885 - data_storage.database - INFO - ETHUSDT 4h: first=2025-04-27T08:00:00, last=2025-05-25T04:00:00, count=168
2025-05-25 11:50:48,891 - data_storage.database - INFO - Đã lấy 30 mẫu klines cho ETHUSDT - 1d
2025-05-25 11:50:48,895 - data_storage.database - INFO - ETHUSDT 1d: first=2025-04-26T00:00:00, last=2025-05-25T00:00:00, count=30
2025-05-25 11:50:48,901 - data_storage.database - INFO - Đã lấy 30 mẫu Open Interest cho ETHUSDT (period: daily)
2025-05-25 11:50:48,903 - data_storage.database - INFO - ETHUSDT OI: first=2025-04-26T20:00:00, last=2025-05-25T11:50:37, count=30
2025-05-25 11:50:48,907 - data_storage.database - INFO - Đã lấy 24 mẫu tracking 24h cho ETHUSDT
2025-05-25 11:50:48,909 - data_storage.database - INFO - ETHUSDT 24h: first=2025-05-24T12:00:00, last=2025-05-25T11:00:00, count=24
2025-05-25 11:50:48,913 - data_storage.database - INFO - Đã lấy 30 mẫu tracking 30d cho ETHUSDT
2025-05-25 11:50:48,916 - data_storage.database - INFO - ETHUSDT 30d: first=2025-04-26T00:00:00, last=2025-05-25T00:00:00, count=30
2025-05-25 11:50:48,949 - data_storage.database - INFO - Đã lấy 168 mẫu klines cho BNBUSDT - 1h
2025-05-25 11:50:48,953 - data_storage.database - INFO - BNBUSDT 1h: first=2025-05-18T05:00:00, last=2025-05-25T04:00:00, count=168
2025-05-25 11:50:48,960 - data_storage.database - INFO - Đã lấy 168 mẫu klines cho BNBUSDT - 4h
2025-05-25 11:50:48,964 - data_storage.database - INFO - BNBUSDT 4h: first=2025-04-27T08:00:00, last=2025-05-25T04:00:00, count=168
2025-05-25 11:50:48,970 - data_storage.database - INFO - Đã lấy 30 mẫu klines cho BNBUSDT - 1d
2025-05-25 11:50:48,972 - data_storage.database - INFO - BNBUSDT 1d: first=2025-04-26T00:00:00, last=2025-05-25T00:00:00, count=30
2025-05-25 11:50:48,978 - data_storage.database - INFO - Đã lấy 30 mẫu Open Interest cho BNBUSDT (period: daily)
2025-05-25 11:50:48,980 - data_storage.database - INFO - BNBUSDT OI: first=2025-04-26T20:00:00, last=2025-05-25T11:50:41, count=30
2025-05-25 11:50:48,984 - data_storage.database - INFO - Đã lấy 24 mẫu tracking 24h cho BNBUSDT
2025-05-25 11:50:48,986 - data_storage.database - INFO - BNBUSDT 24h: first=2025-05-24T12:00:00, last=2025-05-25T11:00:00, count=24
2025-05-25 11:50:48,989 - data_storage.database - INFO - Đã lấy 30 mẫu tracking 30d cho BNBUSDT
2025-05-25 11:50:48,992 - data_storage.database - INFO - BNBUSDT 30d: first=2025-04-26T00:00:00, last=2025-05-25T00:00:00, count=30
2025-05-25 11:50:49,023 - data_storage.database - INFO - Đã lấy 168 mẫu klines cho SOLUSDT - 1h
2025-05-25 11:50:49,027 - data_storage.database - INFO - SOLUSDT 1h: first=2025-05-18T05:00:00, last=2025-05-25T04:00:00, count=168
2025-05-25 11:50:49,035 - data_storage.database - INFO - Đã lấy 168 mẫu klines cho SOLUSDT - 4h
2025-05-25 11:50:49,039 - data_storage.database - INFO - SOLUSDT 4h: first=2025-04-27T08:00:00, last=2025-05-25T04:00:00, count=168
2025-05-25 11:50:49,044 - data_storage.database - INFO - Đã lấy 30 mẫu klines cho SOLUSDT - 1d
2025-05-25 11:50:49,047 - data_storage.database - INFO - SOLUSDT 1d: first=2025-04-26T00:00:00, last=2025-05-25T00:00:00, count=30
2025-05-25 11:50:49,052 - data_storage.database - INFO - Đã lấy 30 mẫu Open Interest cho SOLUSDT (period: daily)
2025-05-25 11:50:49,055 - data_storage.database - INFO - SOLUSDT OI: first=2025-04-26T20:00:00, last=2025-05-25T11:50:44, count=30
2025-05-25 11:50:49,058 - data_storage.database - INFO - Đã lấy 24 mẫu tracking 24h cho SOLUSDT
2025-05-25 11:50:49,060 - data_storage.database - INFO - SOLUSDT 24h: first=2025-05-24T12:00:00, last=2025-05-25T11:00:00, count=24
2025-05-25 11:50:49,064 - data_storage.database - INFO - Đã lấy 30 mẫu tracking 30d cho SOLUSDT
2025-05-25 11:50:49,066 - data_storage.database - INFO - SOLUSDT 30d: first=2025-04-26T00:00:00, last=2025-05-25T00:00:00, count=30
2025-05-25 11:50:49,098 - data_storage.database - INFO - Đã lấy 168 mẫu klines cho DOGEUSDT - 1h
2025-05-25 11:50:49,102 - data_storage.database - INFO - DOGEUSDT 1h: first=2025-05-18T05:00:00, last=2025-05-25T04:00:00, count=168
2025-05-25 11:50:49,109 - data_storage.database - INFO - Đã lấy 168 mẫu klines cho DOGEUSDT - 4h
2025-05-25 11:50:49,113 - data_storage.database - INFO - DOGEUSDT 4h: first=2025-04-27T08:00:00, last=2025-05-25T04:00:00, count=168
2025-05-25 11:50:49,119 - data_storage.database - INFO - Đã lấy 30 mẫu klines cho DOGEUSDT - 1d
2025-05-25 11:50:49,121 - data_storage.database - INFO - DOGEUSDT 1d: first=2025-04-26T00:00:00, last=2025-05-25T00:00:00, count=30
2025-05-25 11:50:49,126 - data_storage.database - INFO - Đã lấy 30 mẫu Open Interest cho DOGEUSDT (period: daily)
2025-05-25 11:50:49,129 - data_storage.database - INFO - DOGEUSDT OI: first=2025-04-26T20:00:00, last=2025-05-25T11:50:48, count=30
2025-05-25 11:50:49,132 - data_storage.database - INFO - Đã lấy 24 mẫu tracking 24h cho DOGEUSDT
2025-05-25 11:50:49,135 - data_storage.database - INFO - DOGEUSDT 24h: first=2025-05-24T12:00:00, last=2025-05-25T11:00:00, count=24
2025-05-25 11:50:49,141 - data_storage.database - INFO - Đã lấy 30 mẫu tracking 30d cho DOGEUSDT
2025-05-25 11:50:49,146 - data_storage.database - INFO - DOGEUSDT 30d: first=2025-04-26T00:00:00, last=2025-05-25T00:00:00, count=30
2025-05-25 11:50:49,168 - data_storage.database - INFO - Đã lấy 0 mẫu anomalies
2025-05-25 11:50:49,169 - data_storage.database - INFO - ✅ Đã xuất dữ liệu JSON tối ưu trong thư mục ./data/json và ./docs/assets/data
2025-05-25 11:50:53,306 - data_storage.database - INFO - Đã đóng kết nối cơ sở dữ liệu
