2025-05-25 11:50:48,561 - data_analyzer.metrics - INFO - 🔧 Khởi tạo OptimizedOIVolumeMetrics - Focus OI & Volume
2025-05-25 11:50:48,570 - data_analyzer.metrics - INFO - OI Data: current=9,360,282,659.28, previous=9,245,896,500.51, change=1.24%
2025-05-25 11:50:48,572 - data_analyzer.metrics - INFO - Volume Data: current=257,207,659.80, previous=1,022,416,889.58, change=-74.84%
2025-05-25 11:50:48,588 - data_analyzer.metrics - INFO - 🔍 Cấu trúc dữ liệu OI: sử dụng cột open_interest_value và avg_open_interest_value
2025-05-25 11:50:48,594 - data_analyzer.metrics - INFO - ✅ Tính toán OI metrics 30d: bullish 2.90%, giá trị hiện tại = 9,380,174,628.20 USDT
2025-05-25 11:50:48,594 - data_analyzer.metrics - INFO - 🔍 Cấu trúc dữ liệu Volume: sử dụng cột quote_volume
2025-05-25 11:50:48,599 - data_analyzer.metrics - INFO - ✅ Tính toán Volume metrics 30d: increasing -56.94%, giá trị hiện tại = 2,949,253,593.60 USDT
2025-05-25 11:50:48,605 - data_analyzer.metrics - INFO - OI Data: current=4,092,712,509.21, previous=4,258,918,732.89, change=-3.90%
2025-05-25 11:50:48,606 - data_analyzer.metrics - INFO - Volume Data: current=158,265,195.20, previous=383,076,232.13, change=-58.69%
2025-05-25 11:50:48,619 - data_analyzer.metrics - INFO - 🔍 Cấu trúc dữ liệu OI: sử dụng cột open_interest_value và avg_open_interest_value
2025-05-25 11:50:48,623 - data_analyzer.metrics - INFO - ✅ Tính toán OI metrics 30d: bearish -0.95%, giá trị hiện tại = 4,109,792,874.61 USDT
2025-05-25 11:50:48,624 - data_analyzer.metrics - INFO - 🔍 Cấu trúc dữ liệu Volume: sử dụng cột quote_volume
2025-05-25 11:50:48,627 - data_analyzer.metrics - INFO - ✅ Tính toán Volume metrics 30d: decreasing -63.68%, giá trị hiện tại = 2,597,223,633.44 USDT
2025-05-25 11:50:48,632 - data_analyzer.metrics - INFO - OI Data: current=365,610,242.64, previous=366,207,563.37, change=-0.16%
2025-05-25 11:50:48,633 - data_analyzer.metrics - INFO - Volume Data: current=4,876,801.58, previous=11,019,714.47, change=-55.74%
2025-05-25 11:50:48,645 - data_analyzer.metrics - INFO - 🔍 Cấu trúc dữ liệu OI: sử dụng cột open_interest_value và avg_open_interest_value
2025-05-25 11:50:48,649 - data_analyzer.metrics - INFO - ✅ Tính toán OI metrics 30d: bullish 3.89%, giá trị hiện tại = 365,208,008.86 USDT
2025-05-25 11:50:48,650 - data_analyzer.metrics - INFO - 🔍 Cấu trúc dữ liệu Volume: sử dụng cột quote_volume
2025-05-25 11:50:48,653 - data_analyzer.metrics - INFO - ✅ Tính toán Volume metrics 30d: decreasing -66.86%, giá trị hiện tại = 72,167,439.46 USDT
2025-05-25 11:50:48,657 - data_analyzer.metrics - INFO - OI Data: current=1,281,038,976.78, previous=1,328,494,880.76, change=-3.57%
2025-05-25 11:50:48,658 - data_analyzer.metrics - INFO - Volume Data: current=71,531,588.89, previous=124,890,651.31, change=-42.72%
2025-05-25 11:50:48,670 - data_analyzer.metrics - INFO - 🔍 Cấu trúc dữ liệu OI: sử dụng cột open_interest_value và avg_open_interest_value
2025-05-25 11:50:48,674 - data_analyzer.metrics - INFO - ✅ Tính toán OI metrics 30d: bearish -5.24%, giá trị hiện tại = 1,280,359,295.51 USDT
2025-05-25 11:50:48,675 - data_analyzer.metrics - INFO - 🔍 Cấu trúc dữ liệu Volume: sử dụng cột quote_volume
2025-05-25 11:50:48,678 - data_analyzer.metrics - INFO - ✅ Tính toán Volume metrics 30d: increasing -48.15%, giá trị hiện tại = 938,352,461.55 USDT
2025-05-25 11:50:48,682 - data_analyzer.metrics - INFO - OI Data: current=411,614,150.22, previous=424,972,226.88, change=-3.14%
2025-05-25 11:50:48,683 - data_analyzer.metrics - INFO - Volume Data: current=15,164,857.88, previous=35,039,802.27, change=-56.72%
2025-05-25 11:50:48,695 - data_analyzer.metrics - INFO - 🔍 Cấu trúc dữ liệu OI: sử dụng cột open_interest_value và avg_open_interest_value
2025-05-25 11:50:48,699 - data_analyzer.metrics - INFO - ✅ Tính toán OI metrics 30d: bearish -6.21%, giá trị hiện tại = 412,247,932.47 USDT
2025-05-25 11:50:48,700 - data_analyzer.metrics - INFO - 🔍 Cấu trúc dữ liệu Volume: sử dụng cột quote_volume
2025-05-25 11:50:48,704 - data_analyzer.metrics - INFO - ✅ Tính toán Volume metrics 30d: decreasing -75.90%, giá trị hiện tại = 225,173,509.86 USDT
2025-05-25 11:50:48,719 - data_analyzer.metrics - INFO - OI Data: current=9,360,282,659.28, previous=9,245,896,500.51, change=1.24%
2025-05-25 11:50:48,720 - data_analyzer.metrics - INFO - Volume Data: current=257,207,659.80, previous=1,022,416,889.58, change=-74.84%
2025-05-25 11:50:48,720 - data_analyzer.metrics - INFO - 📊 Tính correlation giữa open_interest và volume cho period 24h
2025-05-25 11:50:48,722 - data_analyzer.metrics - INFO - 📊 OI-Volume correlation (24h): -0.456 (moderate)
2025-05-25 11:50:48,730 - data_analyzer.metrics - INFO - OI Data: current=4,092,712,509.21, previous=4,258,918,732.89, change=-3.90%
2025-05-25 11:50:48,731 - data_analyzer.metrics - INFO - Volume Data: current=158,265,195.20, previous=383,076,232.13, change=-58.69%
2025-05-25 11:50:48,731 - data_analyzer.metrics - INFO - 📊 Tính correlation giữa open_interest và volume cho period 24h
2025-05-25 11:50:48,732 - data_analyzer.metrics - INFO - 📊 OI-Volume correlation (24h): -0.178 (negligible)
2025-05-25 11:50:48,740 - data_analyzer.metrics - INFO - OI Data: current=365,610,242.64, previous=366,207,563.37, change=-0.16%
2025-05-25 11:50:48,741 - data_analyzer.metrics - INFO - Volume Data: current=4,876,801.58, previous=11,019,714.47, change=-55.74%
2025-05-25 11:50:48,741 - data_analyzer.metrics - INFO - 📊 Tính correlation giữa open_interest và volume cho period 24h
2025-05-25 11:50:48,742 - data_analyzer.metrics - INFO - 📊 OI-Volume correlation (24h): -0.532 (moderate)
2025-05-25 11:50:48,750 - data_analyzer.metrics - INFO - OI Data: current=1,281,038,976.78, previous=1,328,494,880.76, change=-3.57%
2025-05-25 11:50:48,751 - data_analyzer.metrics - INFO - Volume Data: current=71,531,588.89, previous=124,890,651.31, change=-42.72%
2025-05-25 11:50:48,752 - data_analyzer.metrics - INFO - 📊 Tính correlation giữa open_interest và volume cho period 24h
2025-05-25 11:50:48,753 - data_analyzer.metrics - INFO - 📊 OI-Volume correlation (24h): -0.195 (negligible)
2025-05-25 11:50:48,760 - data_analyzer.metrics - INFO - OI Data: current=411,614,150.22, previous=424,972,226.88, change=-3.14%
2025-05-25 11:50:48,761 - data_analyzer.metrics - INFO - Volume Data: current=15,164,857.88, previous=35,039,802.27, change=-56.72%
2025-05-25 11:50:48,762 - data_analyzer.metrics - INFO - 📊 Tính correlation giữa open_interest và volume cho period 24h
2025-05-25 11:50:48,762 - data_analyzer.metrics - INFO - 📊 OI-Volume correlation (24h): -0.121 (negligible)
